// Jest Snapshot v1, https://goo.gl/fbAQLP

exports[`Button should render button correctly 1`] = `
ShallowWrapper {
  "length": 1,
  Symbol(enzyme.__root__): [Circular],
  Symbol(enzyme.__unrendered__): <Card
    disabled={false}
    isMatched={false}
    isOpen={false}
    onClick={[Function]}
    value="A"
  />,
  Symbol(enzyme.__renderer__): Object {
    "batchedUpdates": [Function],
    "getNode": [Function],
    "render": [Function],
    "simulateEvent": [Function],
    "unmount": [Function],
  },
  Symbol(enzyme.__node__): Object {
    "instance": null,
    "key": undefined,
    "nodeType": "host",
    "props": Object {
      "children": "A",
      "className": "card",
      "onClick": [Function],
    },
    "ref": null,
    "rendered": "A",
    "type": "i",
  },
  Symbol(enzyme.__nodes__): Array [
    Object {
      "instance": null,
      "key": undefined,
      "nodeType": "host",
      "props": Object {
        "children": "A",
        "className": "card",
        "onClick": [Function],
      },
      "ref": null,
      "rendered": "A",
      "type": "i",
    },
  ],
  Symbol(enzyme.__options__): Object {
    "adapter": ReactSixteenAdapter {
      "options": Object {
        "enableComponentDidUpdateOnSetState": true,
      },
    },
  },
}
`;
